Trường hợp 1: Add code lần đầu và đưa thẳng lên git
git init
git add
git commit -m "first commit"
git branch -M main
git remote add origin https://github.com/ComputerAngelVN/vidu4.git
git push u origin main
Trường hợp 2: File đã add theo dõi bị sửa đổi
git status
Changes not staged for commit:
(use "git add <file>..." to update what will be committed)
(use "git restore <file>..." to discard changes in working directory)
modified:

git status
Changes not staged for commit: (use "git add <file>..." to update what will be committed) (use "git restore <file>..." to discard changes in working directory)
modified: index.html
tuhoc.cc@DESKTOP-SR7K9CN MINGW64/c/2.hoc-html/1.tuhoc.cc-duan2 (main)
$ git add
tuhoc.cc@DESKTOP-SR7K9CN MINGW64/c/2.hoc-html/1.tuhoc.cc-duan2 (main)
$ git commit -m "2st commit"
[main ff96dd3] 2st commit 1 file changed, 1 insertion(+)
tuhoc.cc@DESKTOP-SR7K9CN MINGW64/c/2.hoc-html/1.tuhoc.cc-duan2 (main)
$ git push -u origin main
Enumerating objects: 5, done.
Trường hợp 3: File đã add theo dõi bị sửa đổi + Có thêm thư mục, hoặc file mới chưa add theo dõi
git status
(use "git add <file>..." to update what will
(use "git restore <file>..." to discard change
modified:
index.html (File đã bị sửa)
$ git commit -m "3.test commit lan 3"
On branch main
Your branch is up to date with 'origin/main'.
Untracked files: -> File chưa được theo dõi
(use "git add <file>..." to include in what wa
Nếu xác nhận commit lúc này sẽ không có gì để commit
new1.html